%!Adobe-FontList 1.24
%Locale:0x412

%BeginFont
Handler:DirectoryHandler
FontType:Invalid
OutlineFileName:D:\홍은영\03_포트폴리오\홍은영\Font\NanumSquareRoundB.woff
FileModTime:1727232163
%EndFont

%BeginFont
Handler:DirectoryHandler
FontType:Invalid
OutlineFileName:D:\홍은영\03_포트폴리오\홍은영\Font\NanumSquareRoundB.woff2
FileModTime:1727232163
%EndFont

%BeginFont
Handler:DirectoryHandler
FontType:Invalid
OutlineFileName:D:\홍은영\03_포트폴리오\홍은영\Font\NanumSquareRoundEB.woff
FileModTime:1727232163
%EndFont

%BeginFont
Handler:DirectoryHandler
FontType:Invalid
OutlineFileName:D:\홍은영\03_포트폴리오\홍은영\Font\NanumSquareRoundEB.woff2
FileModTime:1727232163
%EndFont

%BeginFont
Handler:DirectoryHandler
FontType:Invalid
OutlineFileName:D:\홍은영\03_포트폴리오\홍은영\Font\NanumSquareRoundL.woff
FileModTime:1727232163
%EndFont

%BeginFont
Handler:DirectoryHandler
FontType:Invalid
OutlineFileName:D:\홍은영\03_포트폴리오\홍은영\Font\NanumSquareRoundL.woff2
FileModTime:1727232163
%EndFont

%BeginFont
Handler:DirectoryHandler
FontType:Invalid
OutlineFileName:D:\홍은영\03_포트폴리오\홍은영\Font\NanumSquareRoundR.woff
FileModTime:1727232163
%EndFont

%BeginFont
Handler:DirectoryHandler
FontType:Invalid
OutlineFileName:D:\홍은영\03_포트폴리오\홍은영\Font\NanumSquareRoundR.woff2
FileModTime:1727232162
%EndFont

